Microchip MPLAB XC8 Compiler V1.38 ()

Linker command line:

-W-3 --edf=C:\Program Files (x86)\Microchip\xc8\v1.38\dat\en_msgs.txt -cs \
  -h+dist/default/production\DMX_BASCI_TX_46K40.X.production.sym \
  --cmf=dist/default/production\DMX_BASCI_TX_46K40.X.production.cmf -z \
  -Q18F46K40 -oC:\Users\uidj2522\AppData\Local\Temp\s308.2 \
  -Mdist/default/production/DMX_BASCI_TX_46K40.X.production.map -E1 \
  -ver=XC8 -ASTACK=02E3h-0e7dh -pstack=STACK -ACODE=00h-0FFFFh \
  -ACONST=00h-0FFFFh -ASMALLCONST=0F00h-0FFFhx241 \
  -AMEDIUMCONST=0F00h-0FFFFh -ACOMRAM=01h-05Fh -AABS1=00h-0E7Dh \
  -ABIGRAM=01h-0E7Dh -ARAM=060h-0FFh,0100h-01FFhx13,0E00h-0E7Dh \
  -ABANK0=060h-0FFh -ABANK1=0100h-01FFh -ABANK2=0200h-02FFh \
  -ABANK3=0300h-03FFh -ABANK4=0400h-04FFh -ABANK5=0500h-05FFh \
  -ABANK6=0600h-06FFh -ABANK7=0700h-07FFh -ABANK8=0800h-08FFh \
  -ABANK9=0900h-09FFh -ABANK10=0A00h-0AFFh -ABANK11=0B00h-0BFFh \
  -ABANK12=0C00h-0CFFh -ABANK13=0D00h-0DFFh -ABANK14=0E00h-0E7Dh \
  -ASFR=0E7Eh-0EFFh,0F00h-0F5Fh,0F60h-0FFFh \
  -preset_vec=00h,intcode=08h,intcodelo,powerup,init,end_init \
  -pramtop=0F00h -psmallconst=SMALLCONST -pmediumconst=MEDIUMCONST \
  -pconst=CONST -AFARRAM=00h-00h -ACONFIG=0300000h-030000Bh -pconfig=CONFIG \
  -AIDLOC=0200000h-020000Fh -pidloc=IDLOC -AEEDATA=0310000h-03103FFh \
  -peeprom_data=EEDATA \
  -prdata=COMRAM,nvrram=COMRAM,nvbit=COMRAM,rbss=COMRAM,rbit=COMRAM \
  -pfarbss=FARRAM,fardata=FARRAM,nvFARRAM=FARRAM \
  -pintsave_regs=BIGRAM,bigbss=BIGRAM,bigdata=BIGRAM -pbss=RAM \
  -pidata=CODE,irdata=CODE,ibigdata=CODE,ifardata=CODE -prparam=COMRAM \
  C:\Users\uidj2522\AppData\Local\Temp\s308.obj \
  dist/default/production\DMX_BASCI_TX_46K40.X.production.obj \
  build/default/production/powerup.obj 

Object code version is 3.11

Machine type is 18F46K40

Call graph: (short form)




                Name                               Link     Load   Length Selector   Space Scale
C:\Users\uidj2522\AppData\Local\Temp\s308.obj
                end_init                             BC       BC        4        4       0
                reset_vec                             0        0        4        0       0
                idloc                            200000   200000       10   200000       0
                config                           300000   300000        C   300000       0
dist/default/production\DMX_BASCI_TX_46K40.X.production.obj
                intcode                               8        8       AE        4       0
                temp                                 50       50        1        1       1
                smallconst                          F00      F00       32      780       0
                text55                             149A     149A       B2      799       0
                text54                             1D5E     1D5E        6      799       0
                text53                             1B42     1B42       32      799       0
                text52                             1D58     1D58        6      799       0
                text51                             1C30     1C30       24      799       0
                text50                             1CFC     1CFC       12      799       0
                text49                             1A28     1A28       3E      799       0
                text48                             19EA     19EA       3E      799       0
                text47                             191A     191A       48      799       0
                text46                             1D52     1D52        6      799       0
                text45                             1C0C     1C0C       24      799       0
                text44                             1D3C     1D3C        A      799       0
                text42                             1CC0     1CC0       16      799       0
                text41                             1D4C     1D4C        6      799       0
                text40                             1AD8     1AD8       38      799       0
                text39                             1962     1962       46      799       0
                text38                             1CD6     1CD6       14      799       0
                text37                             1C74     1C74       20      799       0
                text36                             13C2     13C2       D8      799       0
                text35                             1CAA     1CAA       16      799       0
                text34                             1D32     1D32        A      799       0
                text33                             1D6C     1D6C        4      799       0
                text32                             18D2     18D2       48      799       0
                text31                             1D28     1D28        A      799       0
                text30                             1D68     1D68        4      799       0
                text29                             1B10     1B10       32      799       0
                text28                             1D64     1D64        4      799       0
                text27                             1C54     1C54       20      799       0
                text26                             1BC2     1BC2       26      799       0
                text25                             1A66     1A66       3A      799       0
                text24                             1200     1200       E4      799       0
                text23                             1880     1880       52      799       0
                text22                             1B9C     1B9C       26      799       0
                text21                              F32      F32      19A      799       0
                text20                             1BE8     1BE8       24      799       0
                text19                             1D0E     1D0E       10      799       0
                text18                             1C94     1C94       16      799       0
                text17                             154C     154C       92      799       0
                text16                             10CC     10CC      134      799       0
                text15                             1AA0     1AA0       38      799       0
                text14                             175A     175A       70      799       0
                text13                             12E4     12E4       DE      799       0
                text12                             1662     1662       84      799       0
                text11                             17CA     17CA       64      799       0
                text10                             182E     182E       52      799       0
                text9                              1D46     1D46        6      799       0
                text8                              1D1E     1D1E        A      799       0
                text7                              1D7C     1D7C        2      EBA       0
                text6                              1D7A     1D7A        2      EBA       0
                text5                              1D78     1D78        2      EBA       0
                text4                              1D76     1D76        2      EBA       0
                text3                              1D74     1D74        2      EBA       0
                text2                              19A8     19A8       42      799       0
                text1                              15DE     15DE       84      799       0
                text0                              1CEA     1CEA       12      799       0
                cstackCOMRAM                         34       34       17        1       1
                cstackBANK0                          CE       CE        F       60       1
                bssBIGRAM                            E3       E3      200       E3       1
                dataBANK0                            A6       A6       28       60       1
                bssBANK0                             60       60       46       60       1
                dataCOMRAM                           4B       4B        3        1       1
                bssCOMRAM                             1        1       33        1       1
                cinit                              16E6     16E6       74      799       0
                nvBANK0                              DD       DD        6       60       1
                nvCOMRAM                             4E       4E        2        1       1
                idataBANK0                         1B74     1B74       28      799       0
                idataCOMRAM                        1D70     1D70        3      799       0
build/default/production/powerup.obj
                powerup                              B6       B6        6        4       0

TOTAL           Name                               Link     Load   Length     Space
        CLASS   STACK          

        CLASS   CODE           
                end_init                             BC       BC        4         0
                intcode                               8        8       AE         0
                powerup                              B6       B6        6         0
                reset_vec                             0        0        4         0
                text55                             149A     149A       B2         0
                text54                             1D5E     1D5E        6         0
                text53                             1B42     1B42       32         0
                text52                             1D58     1D58        6         0
                text51                             1C30     1C30       24         0
                text50                             1CFC     1CFC       12         0
                text49                             1A28     1A28       3E         0
                text48                             19EA     19EA       3E         0
                text47                             191A     191A       48         0
                text46                             1D52     1D52        6         0
                text45                             1C0C     1C0C       24         0
                text44                             1D3C     1D3C        A         0
                text42                             1CC0     1CC0       16         0
                text41                             1D4C     1D4C        6         0
                text40                             1AD8     1AD8       38         0
                text39                             1962     1962       46         0
                text38                             1CD6     1CD6       14         0
                text37                             1C74     1C74       20         0
                text36                             13C2     13C2       D8         0
                text35                             1CAA     1CAA       16         0
                text34                             1D32     1D32        A         0
                text33                             1D6C     1D6C        4         0
                text32                             18D2     18D2       48         0
                text31                             1D28     1D28        A         0
                text30                             1D68     1D68        4         0
                text29                             1B10     1B10       32         0
                text28                             1D64     1D64        4         0
                text27                             1C54     1C54       20         0
                text26                             1BC2     1BC2       26         0
                text25                             1A66     1A66       3A         0
                text24                             1200     1200       E4         0
                text23                             1880     1880       52         0
                text22                             1B9C     1B9C       26         0
                text21                              F32      F32      19A         0
                text20                             1BE8     1BE8       24         0
                text19                             1D0E     1D0E       10         0
                text18                             1C94     1C94       16         0
                text17                             154C     154C       92         0
                text16                             10CC     10CC      134         0
                text15                             1AA0     1AA0       38         0
                text14                             175A     175A       70         0
                text13                             12E4     12E4       DE         0
                text12                             1662     1662       84         0
                text11                             17CA     17CA       64         0
                text10                             182E     182E       52         0
                text9                              1D46     1D46        6         0
                text8                              1D1E     1D1E        A         0
                text7                              1D7C     1D7C        2         0
                text6                              1D7A     1D7A        2         0
                text5                              1D78     1D78        2         0
                text4                              1D76     1D76        2         0
                text3                              1D74     1D74        2         0
                text2                              19A8     19A8       42         0
                text1                              15DE     15DE       84         0
                text0                              1CEA     1CEA       12         0
                cinit                              16E6     16E6       74         0
                idataBANK0                         1B74     1B74       28         0
                idataCOMRAM                        1D70     1D70        3         0

        CLASS   CONST          

        CLASS   SMALLCONST     
                smallconst                          F00      F00       32         0

        CLASS   MEDIUMCONST    

        CLASS   COMRAM         
                temp                                 50       50        1         1
                cstackCOMRAM                         34       34       17         1
                dataCOMRAM                           4B       4B        3         1
                bssCOMRAM                             1        1       33         1
                nvCOMRAM                             4E       4E        2         1

        CLASS   ABS1           

        CLASS   BIGRAM         
                bssBIGRAM                            E3       E3      200         1

        CLASS   RAM            

        CLASS   BANK0          
                cstackBANK0                          CE       CE        F         1
                dataBANK0                            A6       A6       28         1
                bssBANK0                             60       60       46         1
                nvBANK0                              DD       DD        6         1

        CLASS   BANK1          

        CLASS   BANK2          

        CLASS   BANK3          

        CLASS   BANK4          

        CLASS   BANK5          

        CLASS   BANK6          

        CLASS   BANK7          

        CLASS   BANK8          

        CLASS   BANK9          

        CLASS   BANK10         

        CLASS   BANK11         

        CLASS   BANK12         

        CLASS   BANK13         

        CLASS   BANK14         

        CLASS   SFR            

        CLASS   FARRAM         

        CLASS   CONFIG         
                config                           300000   300000        C         0

        CLASS   IDLOC          
                idloc                            200000   200000       10         0

        CLASS   EEDATA         



SEGMENTS        Name                           Load    Length   Top    Selector   Space  Class

                reset_vec                      000000  000004  000004         0       0  CODE    
                bssCOMRAM                      000001  000050  000051         1       1  COMRAM  
                intcode                        000008  0000B8  0000C0         4       0  CODE    
                bssBANK0                       000060  000083  0000E3        60       1  BANK0   
                bssBIGRAM                      0000E3  000200  0002E3        E3       1  BIGRAM  
                smallconst                     000F00  000032  000F32       780       0  SMALLCON
                text21                         000F32  000E41  001D73       799       0  CODE    
                text3                          001D74  00000A  001D7E       EBA       0  CODE    
                idloc                          200000  000010  200010    200000       0  IDLOC   
                config                         300000  00000C  30000C    300000       0  CONFIG  


UNUSED ADDRESS RANGES

        Name                Unused          Largest block    Delta
        BANK10           000A00-000AFF              100
        BANK11           000B00-000BFF              100
        BANK12           000C00-000CFF              100
        BANK13           000D00-000DFF              100
        BANK14           000E00-000E7D               7E
        BANK2            0002E3-0002FF               1D
        BANK3            000300-0003FF              100
        BANK4            000400-0004FF              100
        BANK5            000500-0005FF              100
        BANK6            000600-0006FF              100
        BANK7            000700-0007FF              100
        BANK8            000800-0008FF              100
        BANK9            000900-0009FF              100
        BIGRAM           000051-00005F                F
                         0002E3-000E7D              B9B
        CODE             000004-000007                4
                         0000C0-000EFF              E40
                         001D73-001D73                1
                         001D7E-00FFFF             E282
        COMRAM           000051-00005F                F
        CONST            000004-000007                4
                         0000C0-000EFF              E40
                         001D73-001D73                1
                         001D7E-00FFFF             E282
        EEDATA           310000-3103FF              400
        MEDIUMCONST      001D73-001D73                1
                         001D7E-00FFFF             E282
        RAM              0002E3-000E7D              100
        SFR              000E7E-000FFF               82
        SMALLCONST       001D73-001D73                1
                         001D7E-00FFFF              100
        STACK            0002E3-000E7D              B9B

                                  Symbol Table

?___aldiv                                   cstackCOMRAM 000043
?___awmod                                   cstackCOMRAM 000043
?___lwdiv                                   cstackCOMRAM 000043
?___wmul                                    cstackCOMRAM 000043
EUSART2_Read@readValue                      cstackCOMRAM 000043
PIN_MANAGER_Initialize@state                cstackCOMRAM 000043
TMR1_SetInterruptHandler@InterruptHandler   cstackCOMRAM 000043
TMR2_SetInterruptHandler@InterruptHandler   cstackCOMRAM 000043
_ANSELA                                     (abs)        000F11
_ANSELB                                     (abs)        000F19
_ANSELC                                     (abs)        000F21
_ANSELD                                     (abs)        000F26
_ANSELE                                     (abs)        000F2E
_BAUD1CON                                   (abs)        000F9F
_BAUD2CON                                   (abs)        000E9F
_CCPTMRSbits                                (abs)        000FAE
_EUSART1_Initialize                         text40       001AD8
_EUSART1_Transmit_ISR                       text54       001D5E
_EUSART2_Initialize                         text39       001962
_EUSART2_Read                               text15       001AA0
_EUSART2_Receive_ISR                        text53       001B42
_Execute_task                               bssCOMRAM    000013
_GIE                                        (abs)        007F97
_INTCONbits                                 (abs)        000FF2
_INTERRUPT_Initialize                       text38       001CD6
_INTERRUPT_InterruptManagerHigh             intcode      000008
_IPR3bits                                   (abs)        000EBD
_IPR4bits                                   (abs)        000EBE
_InitApp                                    text41       001D4C
_LATA                                       (abs)        000F83
_LATB                                       (abs)        000F84
_LATB0                                      (abs)        007C20
_LATC                                       (abs)        000F85
_LATD                                       (abs)        000F86
_LATD1                                      (abs)        007C31
_LATD2                                      (abs)        007C32
_LATD3                                      (abs)        007C33
_LATD4                                      (abs)        007C34
_LATD5                                      (abs)        007C35
_LATD6                                      (abs)        007C36
_LATD7                                      (abs)        007C37
_LATE                                       (abs)        000F87
_NVMADRH                                    (abs)        000F7F
_NVMADRL                                    (abs)        000F7E
_NVMCON1bits                                (abs)        000F81
_NVMCON2                                    (abs)        000F82
_NVMDAT                                     (abs)        000F80
_ODCONA                                     (abs)        000F0F
_ODCONB                                     (abs)        000F17
_ODCONC                                     (abs)        000F1F
_ODCOND                                     (abs)        000F24
_ODCONE                                     (abs)        000F2C
_OSCCON1                                    (abs)        000ED8
_OSCCON3                                    (abs)        000EDA
_OSCEN                                      (abs)        000EDC
_OSCFRQ                                     (abs)        000EDE
_OSCILLATOR_Initialize                      text37       001C74
_OSCTUNE                                    (abs)        000EDD
_PIE3bits                                   (abs)        000EC5
_PIE4bits                                   (abs)        000EC6
_PIN_MANAGER_Initialize                     text36       0013C2
_PIR3bits                                   (abs)        000ECD
_PIR4bits                                   (abs)        000ECE
_PIR7bits                                   (abs)        000ED1
_PORTAbits                                  (abs)        000F8D
_PORTBbits                                  (abs)        000F8E
_PORTCbits                                  (abs)        000F8F
_PPSLOCK                                    (abs)        000EA0
_PPSLOCKbits                                (abs)        000EA0
_PR2                                        (abs)        000FBC
_PR4                                        (abs)        000FB6
_PWM3CON                                    (abs)        000FA5
_PWM3DCH                                    (abs)        000FA4
_PWM3DCL                                    (abs)        000FA3
_PWM3_Initialize                            text35       001CAA
_RA0PPS                                     (abs)        000EE7
_RB0PPS                                     (abs)        000EEF
_RC1REG                                     (abs)        000F99
_RC1STA                                     (abs)        000F9D
_RC1STAbits                                 (abs)        000F9D
_RC2REG                                     (abs)        000E99
_RC2STA                                     (abs)        000E9D
_RC2STAbits                                 (abs)        000E9D
_RX2PPSbits                                 (abs)        000E8D
_SP1BRGH                                    (abs)        000F9C
_SP1BRGL                                    (abs)        000F9B
_SP2BRGH                                    (abs)        000E9C
_SP2BRGL                                    (abs)        000E9B
_SYSTEM_Initialize                          text26       001BC2
_T1CLK                                      (abs)        000FD2
_T1CON                                      (abs)        000FCF
_T1CONbits                                  (abs)        000FCF
_T1GATE                                     (abs)        000FD1
_T1GCON                                     (abs)        000FD0
_T1GCONbits                                 (abs)        000FD0
_T2CLKCON                                   (abs)        000FBF
_T2CON                                      (abs)        000FBD
_T2CONbits                                  (abs)        000FBD
_T2HLT                                      (abs)        000FBE
_T2HLTbits                                  (abs)        000FBE
_T2INPPSbits                                (abs)        000EAB
_T2PR                                       (abs)        000FBC
_T2RST                                      (abs)        000FC0
_T2RSTbits                                  (abs)        000FC0
_T2TMR                                      (abs)        000FBB
_T4CLKCON                                   (abs)        000FB9
_T4CON                                      (abs)        000FB7
_T4CONbits                                  (abs)        000FB7
_T4HLT                                      (abs)        000FB8
_T4HLTbits                                  (abs)        000FB8
_T4PR                                       (abs)        000FB6
_T4RST                                      (abs)        000FBA
_T4RSTbits                                  (abs)        000FBA
_T4TMR                                      (abs)        000FB5
_TABLAT                                     (abs)        000FF5
_TASK_DUMMY                                 text5        001D78
_TBLPTRH                                    (abs)        000FF7
_TBLPTRL                                    (abs)        000FF6
_TBLPTRU                                    (abs)        000FF8
_TMR1H                                      (abs)        000FCE
_TMR1L                                      (abs)        000FCD
_TMR1_CallBack                              text51       001C30
_TMR1_DefaultInterruptHandler               text52       001D58
_TMR1_ISR                                   text50       001CFC
_TMR1_Initialize                            text32       0018D2
_TMR1_InterruptHandler                      nvBANK0      0000DD
_TMR1_SetInterruptHandler                   text34       001D32
_TMR1_StartTimer                            text33       001D6C
_TMR2                                       (abs)        000FBB
_TMR2IE                                     (abs)        007631
_TMR2_CallBack                              text45       001C0C
_TMR2_DefaultInterruptHandler               text46       001D52
_TMR2_ISR                                   text44       001D3C
_TMR2_Initialize                            text29       001B10
_TMR2_InterruptHandler                      nvBANK0      0000DF
_TMR2_SetInterruptHandler                   text31       001D28
_TMR2_Start                                 text30       001D68
_TMR4                                       (abs)        000FB5
_TMR4_Initialize                            text27       001C54
_TMR4_InterruptHandler                      bssBANK0     00008E
_TMR4_Start                                 text28       001D64
_TRISA                                      (abs)        000F88
_TRISB                                      (abs)        000F89
_TRISC                                      (abs)        000F8A
_TRISD                                      (abs)        000F8B
_TRISE                                      (abs)        000F8C
_TX1IE                                      (abs)        00762C
_TX1REG                                     (abs)        000F9A
_TX1STA                                     (abs)        000F9E
_TX2REG                                     (abs)        000E9A
_TX2STA                                     (abs)        000E9E
_WPUA                                       (abs)        000F10
_WPUB                                       (abs)        000F18
_WPUC                                       (abs)        000F20
_WPUD                                       (abs)        000F25
_WPUE                                       (abs)        000F2D
__CFG_BOREN$SBORDIS                         (abs)        000000
__CFG_BORV$VBOR_2P45                        (abs)        000000
__CFG_CLKOUTEN$OFF                          (abs)        000000
__CFG_CP$OFF                                (abs)        000000
__CFG_CPD$OFF                               (abs)        000000
__CFG_CSWEN$ON                              (abs)        000000
__CFG_DEBUG$OFF                             (abs)        000000
__CFG_EBTR0$OFF                             (abs)        000000
__CFG_EBTR1$OFF                             (abs)        000000
__CFG_EBTR2$OFF                             (abs)        000000
__CFG_EBTR3$OFF                             (abs)        000000
__CFG_EBTRB$OFF                             (abs)        000000
__CFG_FCMEN$ON                              (abs)        000000
__CFG_FEXTOSC$OFF                           (abs)        000000
__CFG_LPBOREN$OFF                           (abs)        000000
__CFG_LVP$OFF                               (abs)        000000
__CFG_MCLRE$EXTMCLR                         (abs)        000000
__CFG_PPS1WAY$ON                            (abs)        000000
__CFG_PWRTE$OFF                             (abs)        000000
__CFG_RSTOSC$HFINTOSC_64MHZ                 (abs)        000000
__CFG_SCANE$ON                              (abs)        000000
__CFG_STVREN$ON                             (abs)        000000
__CFG_WDTCCS$SC                             (abs)        000000
__CFG_WDTCPS$WDTCPS_31                      (abs)        000000
__CFG_WDTCWS$WDTCWS_7                       (abs)        000000
__CFG_WDTE$OFF                              (abs)        000000
__CFG_WRT0$OFF                              (abs)        000000
__CFG_WRT1$OFF                              (abs)        000000
__CFG_WRT2$OFF                              (abs)        000000
__CFG_WRT3$OFF                              (abs)        000000
__CFG_WRTB$OFF                              (abs)        000000
__CFG_WRTC$OFF                              (abs)        000000
__CFG_WRTD$OFF                              (abs)        000000
__CFG_XINST$OFF                             (abs)        000000
__CFG_ZCD$OFF                               (abs)        000000
__HRAM                                      (abs)        000000
__Habs1                                     abs1         000000
__Hbank0                                    bank0        000000
__Hbank1                                    bank1        000000
__Hbank10                                   bank10       000000
__Hbank11                                   bank11       000000
__Hbank12                                   bank12       000000
__Hbank13                                   bank13       000000
__Hbank14                                   bank14       000000
__Hbank2                                    bank2        000000
__Hbank3                                    bank3        000000
__Hbank4                                    bank4        000000
__Hbank5                                    bank5        000000
__Hbank6                                    bank6        000000
__Hbank7                                    bank7        000000
__Hbank8                                    bank8        000000
__Hbank9                                    bank9        000000
__Hbigbss                                   bigbss       000000
__Hbigdata                                  bigdata      000000
__Hbigram                                   bigram       000000
__Hbss                                      bss          000000
__HbssBANK0                                 bssBANK0     000000
__HbssBIGRAM                                bssBIGRAM    000000
__HbssCOMRAM                                bssCOMRAM    000000
__Hcinit                                    cinit        000000
__Hclrtext                                  clrtext      000000
__Hcomram                                   comram       000000
__Hconfig                                   config       30000C
__Hconst                                    const        000000
__HcstackBANK0                              cstackBANK0  000000
__HcstackCOMRAM                             cstackCOMRAM 000000
__Hdata                                     data         000000
__HdataBANK0                                dataBANK0    000000
__HdataCOMRAM                               dataCOMRAM   000000
__Heeprom_data                              eeprom_data  000000
__Hend_init                                 end_init     0000C0
__Hfarbss                                   farbss       000000
__Hfardata                                  fardata      000000
__Hibigdata                                 ibigdata     000000
__Hidata                                    idata        000000
__HidataBANK0                               idataBANK0   000000
__HidataCOMRAM                              idataCOMRAM  000000
__Hidloc                                    idloc        200010
__Hifardata                                 ifardata     000000
__Hinit                                     init         0000BC
__Hintcode                                  intcode      0000B6
__Hintcode_body                             intcode_body 000000
__Hintcodelo                                intcodelo    0000B6
__Hintentry                                 intentry     000000
__Hintret                                   intret       000000
__Hintsave_regs                             intsave_regs 000000
__Hirdata                                   irdata       000000
__Hmediumconst                              mediumconst  000000
__HnvBANK0                                  nvBANK0      000000
__HnvCOMRAM                                 nvCOMRAM     000000
__HnvFARRAM                                 nvFARRAM     000000
__Hnvbit                                    nvbit        000000
__Hnvrram                                   nvrram       000000
__Hparam                                    rparam       000000
__Hpowerup                                  powerup      0000BC
__Hram                                      ram          000000
__Hramtop                                   ramtop       000F00
__Hrbit                                     rbit         000000
__Hrbss                                     rbss         000000
__Hrdata                                    rdata        000000
__Hreset_vec                                reset_vec    000004
__Hrparam                                   rparam       000000
__Hsfr                                      sfr          000000
__Hsmallconst                               smallconst   000F32
__Hspace_0                                  (abs)        30000C
__Hspace_1                                  (abs)        0002E3
__Hspace_2                                  (abs)        000000
__Hstack                                    stack        000000
__Hstruct                                   struct       000000
__Htemp                                     temp         000051
__Htext                                     text         000000
__Htext0                                    text0        000000
__Htext1                                    text1        000000
__Htext10                                   text10       000000
__Htext11                                   text11       000000
__Htext12                                   text12       000000
__Htext13                                   text13       000000
__Htext14                                   text14       000000
__Htext15                                   text15       000000
__Htext16                                   text16       000000
__Htext17                                   text17       000000
__Htext18                                   text18       000000
__Htext19                                   text19       000000
__Htext2                                    text2        000000
__Htext20                                   text20       000000
__Htext21                                   text21       000000
__Htext22                                   text22       000000
__Htext23                                   text23       000000
__Htext24                                   text24       000000
__Htext25                                   text25       000000
__Htext26                                   text26       000000
__Htext27                                   text27       000000
__Htext28                                   text28       000000
__Htext29                                   text29       000000
__Htext3                                    text3        000000
__Htext30                                   text30       000000
__Htext31                                   text31       000000
__Htext32                                   text32       000000
__Htext33                                   text33       000000
__Htext34                                   text34       000000
__Htext35                                   text35       000000
__Htext36                                   text36       000000
__Htext37                                   text37       000000
__Htext38                                   text38       000000
__Htext39                                   text39       000000
__Htext4                                    text4        000000
__Htext40                                   text40       000000
__Htext41                                   text41       000000
__Htext42                                   text42       000000
__Htext44                                   text44       000000
__Htext45                                   text45       000000
__Htext46                                   text46       000000
__Htext47                                   text47       000000
__Htext48                                   text48       000000
__Htext49                                   text49       000000
__Htext5                                    text5        000000
__Htext50                                   text50       000000
__Htext51                                   text51       000000
__Htext52                                   text52       000000
__Htext53                                   text53       000000
__Htext54                                   text54       000000
__Htext55                                   text55       000000
__Htext56                                   text56       000000
__Htext6                                    text6        000000
__Htext7                                    text7        000000
__Htext8                                    text8        000000
__Htext9                                    text9        000000
__LRAM                                      (abs)        000001
__Labs1                                     abs1         000000
__Lbank0                                    bank0        000000
__Lbank1                                    bank1        000000
__Lbank10                                   bank10       000000
__Lbank11                                   bank11       000000
__Lbank12                                   bank12       000000
__Lbank13                                   bank13       000000
__Lbank14                                   bank14       000000
__Lbank2                                    bank2        000000
__Lbank3                                    bank3        000000
__Lbank4                                    bank4        000000
__Lbank5                                    bank5        000000
__Lbank6                                    bank6        000000
__Lbank7                                    bank7        000000
__Lbank8                                    bank8        000000
__Lbank9                                    bank9        000000
__Lbigbss                                   bigbss       000000
__Lbigdata                                  bigdata      000000
__Lbigram                                   bigram       000000
__Lbss                                      bss          000000
__LbssBANK0                                 bssBANK0     000000
__LbssBIGRAM                                bssBIGRAM    000000
__LbssCOMRAM                                bssCOMRAM    000000
__Lcinit                                    cinit        000000
__Lclrtext                                  clrtext      000000
__Lcomram                                   comram       000000
__Lconfig                                   config       300000
__Lconst                                    const        000000
__LcstackBANK0                              cstackBANK0  000000
__LcstackCOMRAM                             cstackCOMRAM 000000
__Ldata                                     data         000000
__LdataBANK0                                dataBANK0    000000
__LdataCOMRAM                               dataCOMRAM   000000
__Leeprom_data                              eeprom_data  000000
__Lend_init                                 end_init     0000BC
__Lfarbss                                   farbss       000000
__Lfardata                                  fardata      000000
__Libigdata                                 ibigdata     000000
__Lidata                                    idata        000000
__LidataBANK0                               idataBANK0   000000
__LidataCOMRAM                              idataCOMRAM  000000
__Lidloc                                    idloc        200000
__Lifardata                                 ifardata     000000
__Linit                                     init         0000BC
__Lintcode                                  intcode      000008
__Lintcode_body                             intcode_body 000000
__Lintcodelo                                intcodelo    0000B6
__Lintentry                                 intentry     000000
__Lintret                                   intret       000000
__Lintsave_regs                             intsave_regs 000000
__Lirdata                                   irdata       000000
__Lmediumconst                              mediumconst  000000
__LnvBANK0                                  nvBANK0      000000
__LnvCOMRAM                                 nvCOMRAM     000000
__LnvFARRAM                                 nvFARRAM     000000
__Lnvbit                                    nvbit        000000
__Lnvrram                                   nvrram       000000
__Lparam                                    rparam       000000
__Lpowerup                                  powerup      0000B6
__Lram                                      ram          000000
__Lramtop                                   ramtop       000F00
__Lrbit                                     rbit         000000
__Lrbss                                     rbss         000000
__Lrdata                                    rdata        000000
__Lreset_vec                                reset_vec    000000
__Lrparam                                   rparam       000000
__Lsfr                                      sfr          000000
__Lsmallconst                               smallconst   000F00
__Lspace_0                                  (abs)        000000
__Lspace_1                                  (abs)        000000
__Lspace_2                                  (abs)        000000
__Lstack                                    stack        000000
__Lstruct                                   struct       000000
__Ltemp                                     temp         000050
__Ltext                                     text         000000
__Ltext0                                    text0        000000
__Ltext1                                    text1        000000
__Ltext10                                   text10       000000
__Ltext11                                   text11       000000
__Ltext12                                   text12       000000
__Ltext13                                   text13       000000
__Ltext14                                   text14       000000
__Ltext15                                   text15       000000
__Ltext16                                   text16       000000
__Ltext17                                   text17       000000
__Ltext18                                   text18       000000
__Ltext19                                   text19       000000
__Ltext2                                    text2        000000
__Ltext20                                   text20       000000
__Ltext21                                   text21       000000
__Ltext22                                   text22       000000
__Ltext23                                   text23       000000
__Ltext24                                   text24       000000
__Ltext25                                   text25       000000
__Ltext26                                   text26       000000
__Ltext27                                   text27       000000
__Ltext28                                   text28       000000
__Ltext29                                   text29       000000
__Ltext3                                    text3        000000
__Ltext30                                   text30       000000
__Ltext31                                   text31       000000
__Ltext32                                   text32       000000
__Ltext33                                   text33       000000
__Ltext34                                   text34       000000
__Ltext35                                   text35       000000
__Ltext36                                   text36       000000
__Ltext37                                   text37       000000
__Ltext38                                   text38       000000
__Ltext39                                   text39       000000
__Ltext4                                    text4        000000
__Ltext40                                   text40       000000
__Ltext41                                   text41       000000
__Ltext42                                   text42       000000
__Ltext44                                   text44       000000
__Ltext45                                   text45       000000
__Ltext46                                   text46       000000
__Ltext47                                   text47       000000
__Ltext48                                   text48       000000
__Ltext49                                   text49       000000
__Ltext5                                    text5        000000
__Ltext50                                   text50       000000
__Ltext51                                   text51       000000
__Ltext52                                   text52       000000
__Ltext53                                   text53       000000
__Ltext54                                   text54       000000
__Ltext55                                   text55       000000
__Ltext56                                   text56       000000
__Ltext6                                    text6        000000
__Ltext7                                    text7        000000
__Ltext8                                    text8        000000
__Ltext9                                    text9        000000
__S0                                        (abs)        30000C
__S1                                        (abs)        0002E3
__S2                                        (abs)        000000
___aldiv                                    text24       001200
___aldiv@counter                            cstackBANK0  0000CE
___aldiv@dividend                           cstackCOMRAM 000043
___aldiv@divisor                            cstackCOMRAM 000047
___aldiv@quotient                           cstackBANK0  0000D0
___aldiv@sign                               cstackBANK0  0000CF
___awmod                                    text14       00175A
___awmod@counter                            cstackCOMRAM 000047
___awmod@dividend                           cstackCOMRAM 000043
___awmod@divisor                            cstackCOMRAM 000045
___awmod@sign                               cstackCOMRAM 000048
___inthi_sp                                 stack        000000
___intlo_sp                                 stack        000000
___lwdiv                                    text23       001880
___lwdiv@counter                            cstackCOMRAM 000047
___lwdiv@dividend                           cstackCOMRAM 000043
___lwdiv@divisor                            cstackCOMRAM 000045
___lwdiv@quotient                           cstackCOMRAM 000048
___param_bank                               (abs)        000010
___rparam_used                              (abs)        000001
___sp                                       stack        000000
___wmul                                     text22       001B9C
___wmul@multiplicand                        cstackCOMRAM 000045
___wmul@multiplier                          cstackCOMRAM 000043
___wmul@product                             cstackCOMRAM 000047
__accesstop                                 (abs)        000060
__activetblptr                              (abs)        000003
__end_of_EUSART1_Initialize                 text40       001B10
__end_of_EUSART1_Transmit_ISR               text54       001D64
__end_of_EUSART2_Initialize                 text39       0019A8
__end_of_EUSART2_Read                       text15       001AD8
__end_of_EUSART2_Receive_ISR                text53       001B74
__end_of_INTERRUPT_Initialize               text38       001CEA
__end_of_INTERRUPT_InterruptManagerHigh     intcode      0000B6
__end_of_InitApp                            text41       001D52
__end_of_OSCILLATOR_Initialize              text37       001C94
__end_of_PIN_MANAGER_Initialize             text36       00149A
__end_of_PWM3_Initialize                    text35       001CC0
__end_of_SYSTEM_Initialize                  text26       001BE8
__end_of_TASK_DUMMY                         text5        001D7A
__end_of_TMR1_CallBack                      text51       001C54
__end_of_TMR1_DefaultInterruptHandler       text52       001D5E
__end_of_TMR1_ISR                           text50       001D0E
__end_of_TMR1_Initialize                    text32       00191A
__end_of_TMR1_SetInterruptHandler           text34       001D3C
__end_of_TMR1_StartTimer                    text33       001D70
__end_of_TMR2_CallBack                      text45       001C30
__end_of_TMR2_DefaultInterruptHandler       text46       001D58
__end_of_TMR2_ISR                           text44       001D46
__end_of_TMR2_Initialize                    text29       001B42
__end_of_TMR2_SetInterruptHandler           text31       001D32
__end_of_TMR2_Start                         text30       001D6C
__end_of_TMR4_Initialize                    text27       001C74
__end_of_TMR4_Start                         text28       001D68
__end_of___aldiv                            text24       0012E4
__end_of___awmod                            text14       0017CA
__end_of___lwdiv                            text23       0018D2
__end_of___wmul                             text22       001BC2
__end_of__initialization                    cinit        001750
__end_of_app_CDM_DMX_Value_CHK_CON          text12       0016E6
__end_of_app_DMX_ISR                        text55       00154C
__end_of_app_DMX_TX_DisableTXPort           text49       001A66
__end_of_app_DMX_TX_EnableTXPort            text48       001A28
__end_of_app_Evaluate_Command               text11       00182E
__end_of_app_HD44780_CallInitDelay          text19       001D1E
__end_of_app_HD44780_DisplayUpdate          text20       001C0C
__end_of_app_HD44780_Init                   text42       001CD6
__end_of_app_HD44780_Mngr                   text16       001200
__end_of_app_HD44780_PrepareCMD             text18       001CAA
__end_of_app_HD44780_SenCmd                 text17       0015DE
__end_of_app_TMR1_DMX_TX_ISR                text47       001962
__end_of_app_conver_ascii2int               text13       0013C2
__end_of_app_main_dxm_command_fct           text10       001880
__end_of_bcd2ascii                          text25       001AA0
__end_of_bin2bcd                            text21       0010CC
__end_of_main                               text0        001CFC
__end_of_periodic_task_1024tk               text3        001D76
__end_of_periodic_task_2tk                  text8        001D28
__end_of_periodic_task_32tk                 text4        001D78
__end_of_periodic_task_4tk                  text7        001D7E
__end_of_periodic_task_8tk                  text6        001D7C
__end_of_periodic_task_tk                   text9        001D4C
__end_of_rub_7segSymbols                    smallconst   000F31
__end_of_sched_util_task_finder             text2        0019EA
__end_of_scheduler_loop                     text1        001662
__end_of_tasks_list                         smallconst   000F21
__initialization                            cinit        0016E6
__mediumconst                               mediumconst  000000
__pbssBANK0                                 bssBANK0     000060
__pbssBIGRAM                                bssBIGRAM    0000E3
__pbssCOMRAM                                bssCOMRAM    000001
__pcinit                                    cinit        0016E6
__pcstackBANK0                              cstackBANK0  0000CE
__pcstackCOMRAM                             cstackCOMRAM 000034
__pdataBANK0                                dataBANK0    0000A6
__pdataCOMRAM                               dataCOMRAM   00004B
__pidataBANK0                               idataBANK0   001B74
__pidataCOMRAM                              idataCOMRAM  001D70
__pintcode                                  intcode      000008
__pnvBANK0                                  nvBANK0      0000DD
__pnvCOMRAM                                 nvCOMRAM     00004E
__psmallconst                               smallconst   000F00
__ptext0                                    text0        001CEA
__ptext1                                    text1        0015DE
__ptext10                                   text10       00182E
__ptext11                                   text11       0017CA
__ptext12                                   text12       001662
__ptext13                                   text13       0012E4
__ptext14                                   text14       00175A
__ptext15                                   text15       001AA0
__ptext16                                   text16       0010CC
__ptext17                                   text17       00154C
__ptext18                                   text18       001C94
__ptext19                                   text19       001D0E
__ptext2                                    text2        0019A8
__ptext20                                   text20       001BE8
__ptext21                                   text21       000F32
__ptext22                                   text22       001B9C
__ptext23                                   text23       001880
__ptext24                                   text24       001200
__ptext25                                   text25       001A66
__ptext26                                   text26       001BC2
__ptext27                                   text27       001C54
__ptext28                                   text28       001D64
__ptext29                                   text29       001B10
__ptext3                                    text3        001D74
__ptext30                                   text30       001D68
__ptext31                                   text31       001D28
__ptext32                                   text32       0018D2
__ptext33                                   text33       001D6C
__ptext34                                   text34       001D32
__ptext35                                   text35       001CAA
__ptext36                                   text36       0013C2
__ptext37                                   text37       001C74
__ptext38                                   text38       001CD6
__ptext39                                   text39       001962
__ptext4                                    text4        001D76
__ptext40                                   text40       001AD8
__ptext41                                   text41       001D4C
__ptext42                                   text42       001CC0
__ptext44                                   text44       001D3C
__ptext45                                   text45       001C0C
__ptext46                                   text46       001D52
__ptext47                                   text47       00191A
__ptext48                                   text48       0019EA
__ptext49                                   text49       001A28
__ptext5                                    text5        001D78
__ptext50                                   text50       001CFC
__ptext51                                   text51       001C30
__ptext52                                   text52       001D58
__ptext53                                   text53       001B42
__ptext54                                   text54       001D5E
__ptext55                                   text55       00149A
__ptext56                                   text56       000000
__ptext6                                    text6        001D7A
__ptext7                                    text7        001D7C
__ptext8                                    text8        001D1E
__ptext9                                    text9        001D46
__ramtop                                    ramtop       000F00
__size_of_EUSART1_Initialize                (abs)        000000
__size_of_EUSART1_Transmit_ISR              (abs)        000000
__size_of_EUSART2_Initialize                (abs)        000000
__size_of_EUSART2_Read                      (abs)        000000
__size_of_EUSART2_Receive_ISR               (abs)        000000
__size_of_INTERRUPT_Initialize              (abs)        000000
__size_of_INTERRUPT_InterruptManagerHigh    (abs)        000000
__size_of_InitApp                           (abs)        000000
__size_of_OSCILLATOR_Initialize             (abs)        000000
__size_of_PIN_MANAGER_Initialize            (abs)        000000
__size_of_PWM3_Initialize                   (abs)        000000
__size_of_SYSTEM_Initialize                 (abs)        000000
__size_of_TASK_DUMMY                        (abs)        000000
__size_of_TMR1_CallBack                     (abs)        000000
__size_of_TMR1_DefaultInterruptHandler      (abs)        000000
__size_of_TMR1_ISR                          (abs)        000000
__size_of_TMR1_Initialize                   (abs)        000000
__size_of_TMR1_SetInterruptHandler          (abs)        000000
__size_of_TMR1_StartTimer                   (abs)        000000
__size_of_TMR2_CallBack                     (abs)        000000
__size_of_TMR2_DefaultInterruptHandler      (abs)        000000
__size_of_TMR2_ISR                          (abs)        000000
__size_of_TMR2_Initialize                   (abs)        000000
__size_of_TMR2_SetInterruptHandler          (abs)        000000
__size_of_TMR2_Start                        (abs)        000000
__size_of_TMR4_Initialize                   (abs)        000000
__size_of_TMR4_Start                        (abs)        000000
__size_of___aldiv                           (abs)        000000
__size_of___awmod                           (abs)        000000
__size_of___lwdiv                           (abs)        000000
__size_of___wmul                            (abs)        000000
__size_of_app_CDM_DMX_Value_CHK_CON         (abs)        000000
__size_of_app_DMX_ISR                       (abs)        000000
__size_of_app_DMX_TX_DisableTXPort          (abs)        000000
__size_of_app_DMX_TX_EnableTXPort           (abs)        000000
__size_of_app_Evaluate_Command              (abs)        000000
__size_of_app_HD44780_CallInitDelay         (abs)        000000
__size_of_app_HD44780_DisplayUpdate         (abs)        000000
__size_of_app_HD44780_Init                  (abs)        000000
__size_of_app_HD44780_Mngr                  (abs)        000000
__size_of_app_HD44780_PrepareCMD            (abs)        000000
__size_of_app_HD44780_SenCmd                (abs)        000000
__size_of_app_TMR1_DMX_TX_ISR               (abs)        000000
__size_of_app_conver_ascii2int              (abs)        000000
__size_of_app_main_dxm_command_fct          (abs)        000000
__size_of_bcd2ascii                         (abs)        000000
__size_of_bin2bcd                           (abs)        000000
__size_of_main                              (abs)        000000
__size_of_periodic_task_1024tk              (abs)        000000
__size_of_periodic_task_2tk                 (abs)        000000
__size_of_periodic_task_32tk                (abs)        000000
__size_of_periodic_task_4tk                 (abs)        000000
__size_of_periodic_task_8tk                 (abs)        000000
__size_of_periodic_task_tk                  (abs)        000000
__size_of_sched_util_task_finder            (abs)        000000
__size_of_scheduler_loop                    (abs)        000000
__smallconst                                smallconst   000F00
_app_CDM_DMX_Value_CHK_CON                  text12       001662
_app_DMX_ISR                                text55       00149A
_app_DMX_TX_DisableTXPort                   text49       001A28
_app_DMX_TX_EnableTXPort                    text48       0019EA
_app_Evaluate_Command                       text11       0017CA
_app_HD44780_CallInitDelay                  text19       001D0E
_app_HD44780_DisplayUpdate                  text20       001BE8
_app_HD44780_Init                           text42       001CC0
_app_HD44780_Mngr                           text16       0010CC
_app_HD44780_PrepareCMD                     text18       001C94
_app_HD44780_SenCmd                         text17       00154C
_app_TMR1_DMX_TX_ISR                        text47       00191A
_app_conver_ascii2int                       text13       0012E4
_app_main_dxm_command_fct                   text10       00182E
_bcd2ascii                                  text25       001A66
_bin2bcd                                    text21       000F32
_eusart1RxBuffer                            bssBANK0     000060
_eusart1RxCount                             bssCOMRAM    000014
_eusart1RxHead                              bssCOMRAM    000015
_eusart1RxTail                              bssCOMRAM    000016
_eusart1TxBuffer                            bssBANK0     000068
_eusart1TxBufferRemaining                   nvBANK0      0000E1
_eusart1TxHead                              bssCOMRAM    000017
_eusart1TxTail                              bssCOMRAM    000018
_eusart2RxBuffer                            bssBANK0     000070
_eusart2RxCount                             bssCOMRAM    000019
_eusart2RxHead                              bssCOMRAM    00001A
_eusart2RxTail                              bssCOMRAM    00001B
_eusart2TxBuffer                            bssBANK0     000078
_eusart2TxBufferRemaining                   nvBANK0      0000E2
_eusart2TxHead                              bssCOMRAM    00001C
_eusart2TxTail                              bssCOMRAM    00001D
_euw_MaxCount                               dataBANK0    0000C6
_euw_OnCFG                                  dataBANK0    0000C8
_lf_DigitMux                                bssCOMRAM    00001E
_lub_VirtualUartRxBuffer                    bssBANK0     000080
_lub_VirtualUartRxCount                     bssCOMRAM    00001F
_lub_VirtualUartRxHead                      bssCOMRAM    000020
_lub_VirtualUartRxTail                      bssCOMRAM    000021
_lub_VirtualUartTempBuffer                  bssCOMRAM    000022
_lub_VurtualUartBitCounter                  bssCOMRAM    000023
_main                                       text0        001CEA
_periodic_task_1024tk                       text3        001D74
_periodic_task_2tk                          text8        001D1E
_periodic_task_32tk                         text4        001D76
_periodic_task_4tk                          text7        001D7C
_periodic_task_8tk                          text6        001D7A
_periodic_task_tk                           text9        001D46
_raub_DataBufferLine1                       dataBANK0    0000A6
_raub_DataBufferLine2                       dataBANK0    0000B6
_rptr_Cmd_Functions                         dataBANK0    0000CA
_rptr_value_storage                         dataBANK0    0000CC
_rsub_EmulationFlags                        bssCOMRAM    000024
_rub_7segSymbols                            smallconst   000F21
_rub_BCDCen                                 bssCOMRAM    000007
_rub_BCDCmil                                bssBANK0     000090
_rub_BCDDec                                 bssCOMRAM    000009
_rub_BCDDmil                                bssBANK0     000092
_rub_BCDUmil                                bssBANK0     000094
_rub_BCDUni                                 bssBANK0     000096
_rub_BreakState                             bssCOMRAM    000025
_rub_ButtonDebounceCounter                  bssCOMRAM    000001
_rub_ButtonStatus                           bssCOMRAM    000004
_rub_CDM_FCT_Index                          dataCOMRAM   00004B
_rub_CHMeasureCounter                       bssCOMRAM    000026
_rub_CountDebounceCounter                   bssCOMRAM    000027
_rub_CounterMode                            bssCOMRAM    000028
_rub_DMX_DATA                               bssBIGRAM    0000E3
_rub_DataBuffer                             bssCOMRAM    000029
_rub_DigCount                               bssCOMRAM    00002A
_rub_HDDelay                                dataCOMRAM   00004C
_rub_HDInitState                            dataCOMRAM   00004D
_rub_HD_NextState                           bssCOMRAM    00002B
_rub_Line                                   bssCOMRAM    00002C
_rub_SEQFLAG                                bssCOMRAM    00002D
_rub_SlotCounter                            bssCOMRAM    00002E
_rub_TextTimer                              bssCOMRAM    00002F
_rub_TriggerFlag                            bssCOMRAM    000030
_rub_TxState                                bssCOMRAM    000031
_rub_set_Value_cnt                          bssCOMRAM    000032
_ruw_Count                                  bssBANK0     000098
_ruw_DMXBuilderDataCounter                  bssCOMRAM    00000B
_ruw_DMXColorCounter                        bssBANK0     00009A
_ruw_DataMeasured                           bssBANK0     000088
_ruw_HDBuffer                               bssCOMRAM    00000D
_ruw_MaxCount                               bssCOMRAM    00000F
_ruw_OnCFG                                  bssCOMRAM    000011
_ruw_TriggerTimer                           bssBANK0     00009C
_ruw_TxDMXDataCounter                       bssBANK0     00009E
_ruw_channel                                bssBANK0     0000A2
_ruw_value                                  bssBANK0     0000A4
_sch_alarm                                  bssCOMRAM    000033
_sched_util_task_finder                     text2        0019A8
_scheduler_counter                          bssBANK0     0000A0
_scheduler_loop                             text1        0015DE
_tasks_list                                 smallconst   000F01
_timer1ReloadVal                            nvCOMRAM     00004E
app_CDM_DMX_Value_CHK_CON@lub_cmd_character cstackCOMRAM 00004A
app_DMX_TX_DisableTXPort@state              cstackCOMRAM 000034
app_DMX_TX_EnableTXPort@state               cstackCOMRAM 000034
app_Evaluate_Command@lptr_Command           cstackCOMRAM 000045
app_HD44780_CallInitDelay@lub_delay         cstackCOMRAM 000044
app_HD44780_CallInitDelay@lub_next_state    cstackCOMRAM 000043
app_HD44780_PrepareCMD@lub_cmd              cstackCOMRAM 000043
app_HD44780_PrepareCMD@lub_type             cstackCOMRAM 000044
app_HD44780_SenCmd@lub_return               cstackCOMRAM 000043
app_conver_ascii2int@lptr_data              cstackBANK0  0000CE
app_conver_ascii2int@lptr_destiny_data      cstackBANK0  0000D0
app_conver_ascii2int@lub_char_counter       cstackBANK0  0000D2
app_conver_ascii2int@lub_temp               cstackCOMRAM 000049
app_main_dxm_command_fct@lub_read_character cstackBANK0  0000D9
bin2bcd@luw_Bin_Data                        cstackBANK0  0000D4
bin2bcd@luw_aux                             cstackBANK0  0000D6
btemp                                       temp         000050
end_of_initialization                       cinit        001750
int$flags                                   temp         000050
intlevel0                                   text         000000
intlevel1                                   text         000000
intlevel2                                   text         000000
intlevel3                                   text         000000
powerup                                     powerup      0000B6
sched_util_task_finder@lub_ExitFlag         cstackCOMRAM 000048
sched_util_task_finder@lub_TaskIndex        cstackCOMRAM 000049
sched_util_task_finder@sch_counter          cstackCOMRAM 000043
stackhi                                     (abs)        000E7D
stacklo                                     (abs)        0002E3
start                                       init         0000BC
start_initialization                        cinit        0016E6


FUNCTION INFORMATION:

 *************** function _main *****************
 Defined at:
		line 53 in file "main.c"
 Parameters:    Size  Location     Type
		None
 Auto vars:     Size  Location     Type
		None
 Return value:  Size  Location     Type
                  1    wreg      void 
 Registers used:
		wreg, fsr2l, fsr2h, status,2, status,0, pclat, tosl, tblptrl, tblptrh, tblptru, prodl, prodh, cstack
 Tracked objects:
		On entry : 
		On exit  : 
		Unchanged: 
 Data sizes:     COMRAM   BANK0   BANK1   BANK2   BANK3   BANK4   BANK5   BANK6   BANK7   BANK8   BANK9  BANK10  BANK11  BANK12  BANK13  BANK14
      Params:         0       0       0       0       0       0       0       0       0       0       0       0       0       0       0       0
      Locals:         0       0       0       0       0       0       0       0       0       0       0       0       0       0       0       0
      Temps:          0       0       0       0       0       0       0       0       0       0       0       0       0       0       0       0
      Totals:         0       0       0       0       0       0       0       0       0       0       0       0       0       0       0       0
Total ram usage:        0 bytes
 Hardware stack levels required when called:   12
 This function calls:
		_InitApp
		_SYSTEM_Initialize
		_scheduler_loop
 This function is called by:
		Startup code after reset
 This function uses a non-reentrant model


 *************** function _scheduler_loop *****************
 Defined at:
		line 45 in file "OS_SEBELL/OS_SEBELL_schedu.c"
 Parameters:    Size  Location     Type
		None
 Auto vars:     Size  Location     Type
		None
 Return value:  Size  Location     Type
                  1    wreg      void 
 Registers used:
		wreg, fsr2l, fsr2h, status,2, status,0, pclat, tosl, tblptrl, tblptrh, tblptru, prodl, prodh, cstack
 Tracked objects:
		On entry : 
		On exit  : 
		Unchanged: 
 Data sizes:     COMRAM   BANK0   BANK1   BANK2   BANK3   BANK4   BANK5   BANK6   BANK7   BANK8   BANK9  BANK10  BANK11  BANK12  BANK13  BANK14
      Params:         0       0       0       0       0       0       0       0       0       0       0       0       0       0       0       0
      Locals:         0       0       0       0       0       0       0       0       0       0       0       0       0       0       0       0
      Temps:          0       3       0       0       0       0       0       0       0       0       0       0       0       0       0       0
      Totals:         0       3       0       0       0       0       0       0       0       0       0       0       0       0       0       0
Total ram usage:        3 bytes
 Hardware stack levels used:    1
 Hardware stack levels required when called:   11
 This function calls:
		_TASK_DUMMY
		_periodic_task_1024tk
		_periodic_task_2tk
		_periodic_task_32tk
		_periodic_task_4tk
		_periodic_task_8tk
		_periodic_task_tk
		_sched_util_task_finder
 This function is called by:
		_main
 This function uses a non-reentrant model


 *************** function _sched_util_task_finder *****************
 Defined at:
		line 12 in file "OS_SEBELL/OS_SEBELL_sched_util.c"
 Parameters:    Size  Location     Type
  sch_counter     2   15[COMRAM] unsigned short 
 Auto vars:     Size  Location     Type
  lub_TaskInde    1   21[COMRAM] unsigned char 
  lub_ExitFlag    1   20[COMRAM] unsigned char 
 Return value:  Size  Location     Type
                  1    wreg      unsigned char 
 Registers used:
		wreg, status,2, status,0
 Tracked objects:
		On entry : 
		On exit  : 
		Unchanged: 
 Data sizes:     COMRAM   BANK0   BANK1   BANK2   BANK3   BANK4   BANK5   BANK6   BANK7   BANK8   BANK9  BANK10  BANK11  BANK12  BANK13  BANK14
      Params:         2       0       0       0       0       0       0       0       0       0       0       0       0       0       0       0
      Locals:         2       0       0       0       0       0       0       0       0       0       0       0       0       0       0       0
      Temps:          3       0       0       0       0       0       0       0       0       0       0       0       0       0       0       0
      Totals:         7       0       0       0       0       0       0       0       0       0       0       0       0       0       0       0
Total ram usage:        7 bytes
 Hardware stack levels used:    1
 Hardware stack levels required when called:    6
 This function calls:
		Nothing
 This function is called by:
		_scheduler_loop
 This function uses a non-reentrant model


 *************** function _periodic_task_1024tk *****************
 Defined at:
		line 33 in file "periodic_task_exec.c"
 Parameters:    Size  Location     Type
		None
 Auto vars:     Size  Location     Type
		None
 Return value:  Size  Location     Type
                  1    wreg      void 
 Registers used:
		None
 Tracked objects:
		On entry : 
		On exit  : 
		Unchanged: 
 Data sizes:     COMRAM   BANK0   BANK1   BANK2   BANK3   BANK4   BANK5   BANK6   BANK7   BANK8   BANK9  BANK10  BANK11  BANK12  BANK13  BANK14
      Params:         0       0       0       0       0       0       0       0       0       0       0       0       0       0       0       0
      Locals:         0       0       0       0       0       0       0       0       0       0       0       0       0       0       0       0
      Temps:          0       0       0       0       0       0       0       0       0       0       0       0       0       0       0       0
      Totals:         0       0       0       0       0       0       0       0       0       0       0       0       0       0       0       0
Total ram usage:        0 bytes
 Hardware stack levels used:    1
 Hardware stack levels required when called:    6
 This function calls:
		Nothing
 This function is called by:
		_scheduler_loop
 This function uses a non-reentrant model


 *************** function _periodic_task_32tk *****************
 Defined at:
		line 28 in file "periodic_task_exec.c"
 Parameters:    Size  Location     Type
		None
 Auto vars:     Size  Location     Type
		None
 Return value:  Size  Location     Type
                  1    wreg      void 
 Registers used:
		None
 Tracked objects:
		On entry : 
		On exit  : 
		Unchanged: 
 Data sizes:     COMRAM   BANK0   BANK1   BANK2   BANK3   BANK4   BANK5   BANK6   BANK7   BANK8   BANK9  BANK10  BANK11  BANK12  BANK13  BANK14
      Params:         0       0       0       0       0       0       0       0       0       0       0       0       0       0       0       0
      Locals:         0       0       0       0       0       0       0       0       0       0       0       0       0       0       0       0
      Temps:          0       0       0       0       0       0       0       0       0       0       0       0       0       0       0       0
      Totals:         0       0       0       0       0       0       0       0       0       0       0       0       0       0       0       0
Total ram usage:        0 bytes
 Hardware stack levels used:    1
 Hardware stack levels required when called:    6
 This function calls:
		Nothing
 This function is called by:
		_scheduler_loop
 This function uses a non-reentrant model


 *************** function _TASK_DUMMY *****************
 Defined at:
		line 38 in file "periodic_task_exec.c"
 Parameters:    Size  Location     Type
		None
 Auto vars:     Size  Location     Type
		None
 Return value:  Size  Location     Type
                  1    wreg      void 
 Registers used:
		None
 Tracked objects:
		On entry : 
		On exit  : 
		Unchanged: 
 Data sizes:     COMRAM   BANK0   BANK1   BANK2   BANK3   BANK4   BANK5   BANK6   BANK7   BANK8   BANK9  BANK10  BANK11  BANK12  BANK13  BANK14
      Params:         0       0       0       0       0       0       0       0       0       0       0       0       0       0       0       0
      Locals:         0       0       0       0       0       0       0       0       0       0       0       0       0       0       0       0
      Temps:          0       0       0       0       0       0       0       0       0       0       0       0       0       0       0       0
      Totals:         0       0       0       0       0       0       0       0       0       0       0       0       0       0       0       0
Total ram usage:        0 bytes
 Hardware stack levels used:    1
 Hardware stack levels required when called:    6
 This function calls:
		Nothing
 This function is called by:
		_scheduler_loop
 This function uses a non-reentrant model


 *************** function _periodic_task_8tk *****************
 Defined at:
		line 23 in file "periodic_task_exec.c"
 Parameters:    Size  Location     Type
		None
 Auto vars:     Size  Location     Type
		None
 Return value:  Size  Location     Type
                  1    wreg      void 
 Registers used:
		None
 Tracked objects:
		On entry : 
		On exit  : 
		Unchanged: 
 Data sizes:     COMRAM   BANK0   BANK1   BANK2   BANK3   BANK4   BANK5   BANK6   BANK7   BANK8   BANK9  BANK10  BANK11  BANK12  BANK13  BANK14
      Params:         0       0       0       0       0       0       0       0       0       0       0       0       0       0       0       0
      Locals:         0       0       0       0       0       0       0       0       0       0       0       0       0       0       0       0
[...]
                  1    wreg      void 
 Registers used:
		wreg, status,2, status,0, pclat, tosl, cstack
 Tracked objects:
		On entry : 
		On exit  : 
		Unchanged: 
 Data sizes:     COMRAM   BANK0   BANK1   BANK2   BANK3   BANK4   BANK5   BANK6   BANK7   BANK8   BANK9  BANK10  BANK11  BANK12  BANK13  BANK14
      Params:         0       0       0       0       0       0       0       0       0       0       0       0       0       0       0       0
      Locals:         0       0       0       0       0       0       0       0       0       0       0       0       0       0       0       0
      Temps:          0       0       0       0       0       0       0       0       0       0       0       0       0       0       0       0
      Totals:         0       0       0       0       0       0       0       0       0       0       0       0       0       0       0       0
Total ram usage:        0 bytes
 Hardware stack levels used:    1
 Hardware stack levels required when called:    3
 This function calls:
		Absolute function
		_TMR2_DefaultInterruptHandler
 This function is called by:
		_TMR2_ISR
 This function uses a non-reentrant model


 *************** function _TMR2_DefaultInterruptHandler *****************
 Defined at:
		line 193 in file "mcc_generated_files/tmr2.c"
 Parameters:    Size  Location     Type
		None
 Auto vars:     Size  Location     Type
		None
 Return value:  Size  Location     Type
                  1    wreg      void 
 Registers used:
		wreg, status,2, status,0, cstack
 Tracked objects:
		On entry : 
		On exit  : 
		Unchanged: 
 Data sizes:     COMRAM   BANK0   BANK1   BANK2   BANK3   BANK4   BANK5   BANK6   BANK7   BANK8   BANK9  BANK10  BANK11  BANK12  BANK13  BANK14
      Params:         0       0       0       0       0       0       0       0       0       0       0       0       0       0       0       0
      Locals:         0       0       0       0       0       0       0       0       0       0       0       0       0       0       0       0
      Temps:          0       0       0       0       0       0       0       0       0       0       0       0       0       0       0       0
      Totals:         0       0       0       0       0       0       0       0       0       0       0       0       0       0       0       0
Total ram usage:        0 bytes
 Hardware stack levels used:    1
 Hardware stack levels required when called:    2
 This function calls:
		_app_TMR1_DMX_TX_ISR
 This function is called by:
		_TMR2_Initialize
		_TMR2_CallBack
 This function uses a non-reentrant model


 *************** function _app_TMR1_DMX_TX_ISR *****************
 Defined at:
		line 66 in file "app/app_DMX_TX.c"
 Parameters:    Size  Location     Type
		None
 Auto vars:     Size  Location     Type
		None
 Return value:  Size  Location     Type
                  1    wreg      void 
 Registers used:
		wreg, status,2, status,0, cstack
 Tracked objects:
		On entry : 
		On exit  : 
		Unchanged: 
 Data sizes:     COMRAM   BANK0   BANK1   BANK2   BANK3   BANK4   BANK5   BANK6   BANK7   BANK8   BANK9  BANK10  BANK11  BANK12  BANK13  BANK14
      Params:         0       0       0       0       0       0       0       0       0       0       0       0       0       0       0       0
      Locals:         0       0       0       0       0       0       0       0       0       0       0       0       0       0       0       0
      Temps:          0       0       0       0       0       0       0       0       0       0       0       0       0       0       0       0
      Totals:         0       0       0       0       0       0       0       0       0       0       0       0       0       0       0       0
Total ram usage:        0 bytes
 Hardware stack levels used:    1
 Hardware stack levels required when called:    1
 This function calls:
		_app_DMX_TX_DisableTXPort
		_app_DMX_TX_EnableTXPort
 This function is called by:
		_TMR2_DefaultInterruptHandler
 This function uses a non-reentrant model


 *************** function _app_DMX_TX_EnableTXPort *****************
 Defined at:
		line 133 in file "app/app_DMX_TX.c"
 Parameters:    Size  Location     Type
		None
 Auto vars:     Size  Location     Type
  state           1    0[COMRAM] unsigned char 
 Return value:  Size  Location     Type
                  1    wreg      void 
 Registers used:
		wreg, status,2
 Tracked objects:
		On entry : 
		On exit  : 
		Unchanged: 
 Data sizes:     COMRAM   BANK0   BANK1   BANK2   BANK3   BANK4   BANK5   BANK6   BANK7   BANK8   BANK9  BANK10  BANK11  BANK12  BANK13  BANK14
      Params:         0       0       0       0       0       0       0       0       0       0       0       0       0       0       0       0
      Locals:         1       0       0       0       0       0       0       0       0       0       0       0       0       0       0       0
      Temps:          0       0       0       0       0       0       0       0       0       0       0       0       0       0       0       0
      Totals:         1       0       0       0       0       0       0       0       0       0       0       0       0       0       0       0
Total ram usage:        1 bytes
 Hardware stack levels used:    1
 This function calls:
		Nothing
 This function is called by:
		_app_TMR1_DMX_TX_ISR
 This function uses a non-reentrant model


 *************** function _app_DMX_TX_DisableTXPort *****************
 Defined at:
		line 114 in file "app/app_DMX_TX.c"
 Parameters:    Size  Location     Type
		None
 Auto vars:     Size  Location     Type
  state           1    0[COMRAM] unsigned char 
 Return value:  Size  Location     Type
                  1    wreg      void 
 Registers used:
		wreg, status,2
 Tracked objects:
		On entry : 
		On exit  : 
		Unchanged: 
 Data sizes:     COMRAM   BANK0   BANK1   BANK2   BANK3   BANK4   BANK5   BANK6   BANK7   BANK8   BANK9  BANK10  BANK11  BANK12  BANK13  BANK14
      Params:         0       0       0       0       0       0       0       0       0       0       0       0       0       0       0       0
      Locals:         1       0       0       0       0       0       0       0       0       0       0       0       0       0       0       0
      Temps:          0       0       0       0       0       0       0       0       0       0       0       0       0       0       0       0
      Totals:         1       0       0       0       0       0       0       0       0       0       0       0       0       0       0       0
Total ram usage:        1 bytes
 Hardware stack levels used:    1
 This function calls:
		Nothing
 This function is called by:
		_app_TMR1_DMX_TX_ISR
 This function uses a non-reentrant model


 *************** function _TMR1_ISR *****************
 Defined at:
		line 162 in file "mcc_generated_files/tmr1.c"
 Parameters:    Size  Location     Type
		None
 Auto vars:     Size  Location     Type
		None
 Return value:  Size  Location     Type
                  1    wreg      void 
 Registers used:
		wreg, status,2, status,0, pclat, tosl, cstack
 Tracked objects:
		On entry : 
		On exit  : 
		Unchanged: 
 Data sizes:     COMRAM   BANK0   BANK1   BANK2   BANK3   BANK4   BANK5   BANK6   BANK7   BANK8   BANK9  BANK10  BANK11  BANK12  BANK13  BANK14
      Params:         0       0       0       0       0       0       0       0       0       0       0       0       0       0       0       0
      Locals:         0       0       0       0       0       0       0       0       0       0       0       0       0       0       0       0
      Temps:          0       0       0       0       0       0       0       0       0       0       0       0       0       0       0       0
      Totals:         0       0       0       0       0       0       0       0       0       0       0       0       0       0       0       0
Total ram usage:        0 bytes
 Hardware stack levels used:    1
 Hardware stack levels required when called:    2
 This function calls:
		_TMR1_CallBack
 This function is called by:
		_INTERRUPT_InterruptManagerHigh
 This function uses a non-reentrant model


 *************** function _TMR1_CallBack *****************
 Defined at:
		line 176 in file "mcc_generated_files/tmr1.c"
 Parameters:    Size  Location     Type
		None
 Auto vars:     Size  Location     Type
		None
 Return value:  Size  Location     Type
                  1    wreg      void 
 Registers used:
		wreg, status,2, status,0, pclat, tosl, cstack
 Tracked objects:
		On entry : 
		On exit  : 
		Unchanged: 
 Data sizes:     COMRAM   BANK0   BANK1   BANK2   BANK3   BANK4   BANK5   BANK6   BANK7   BANK8   BANK9  BANK10  BANK11  BANK12  BANK13  BANK14
      Params:         0       0       0       0       0       0       0       0       0       0       0       0       0       0       0       0
      Locals:         0       0       0       0       0       0       0       0       0       0       0       0       0       0       0       0
      Temps:          0       0       0       0       0       0       0       0       0       0       0       0       0       0       0       0
      Totals:         0       0       0       0       0       0       0       0       0       0       0       0       0       0       0       0
Total ram usage:        0 bytes
 Hardware stack levels used:    1
 Hardware stack levels required when called:    1
 This function calls:
		Absolute function
		_TMR1_DefaultInterruptHandler
 This function is called by:
		_TMR1_ISR
 This function uses a non-reentrant model


 *************** function _TMR1_DefaultInterruptHandler *****************
 Defined at:
		line 189 in file "mcc_generated_files/tmr1.c"
 Parameters:    Size  Location     Type
		None
 Auto vars:     Size  Location     Type
		None
 Return value:  Size  Location     Type
                  1    wreg      void 
 Registers used:
		wreg, status,2
 Tracked objects:
		On entry : 
		On exit  : 
		Unchanged: 
 Data sizes:     COMRAM   BANK0   BANK1   BANK2   BANK3   BANK4   BANK5   BANK6   BANK7   BANK8   BANK9  BANK10  BANK11  BANK12  BANK13  BANK14
      Params:         0       0       0       0       0       0       0       0       0       0       0       0       0       0       0       0
      Locals:         0       0       0       0       0       0       0       0       0       0       0       0       0       0       0       0
      Temps:          0       0       0       0       0       0       0       0       0       0       0       0       0       0       0       0
      Totals:         0       0       0       0       0       0       0       0       0       0       0       0       0       0       0       0
Total ram usage:        0 bytes
 Hardware stack levels used:    1
 This function calls:
		Nothing
 This function is called by:
		_TMR1_Initialize
		_TMR1_CallBack
 This function uses a non-reentrant model


 *************** function _EUSART2_Receive_ISR *****************
 Defined at:
		line 174 in file "mcc_generated_files/eusart2.c"
 Parameters:    Size  Location     Type
		None
 Auto vars:     Size  Location     Type
		None
 Return value:  Size  Location     Type
                  1    wreg      void 
 Registers used:
		wreg, fsr2l, fsr2h, status,2, status,0, prodl, prodh
 Tracked objects:
		On entry : 
		On exit  : 
		Unchanged: 
 Data sizes:     COMRAM   BANK0   BANK1   BANK2   BANK3   BANK4   BANK5   BANK6   BANK7   BANK8   BANK9  BANK10  BANK11  BANK12  BANK13  BANK14
      Params:         0       0       0       0       0       0       0       0       0       0       0       0       0       0       0       0
      Locals:         0       0       0       0       0       0       0       0       0       0       0       0       0       0       0       0
      Temps:          0       0       0       0       0       0       0       0       0       0       0       0       0       0       0       0
      Totals:         0       0       0       0       0       0       0       0       0       0       0       0       0       0       0       0
Total ram usage:        0 bytes
 Hardware stack levels used:    1
 This function calls:
		Nothing
 This function is called by:
		_INTERRUPT_InterruptManagerHigh
 This function uses a non-reentrant model


 *************** function _EUSART1_Transmit_ISR *****************
 Defined at:
		line 157 in file "mcc_generated_files/eusart1.c"
 Parameters:    Size  Location     Type
		None
 Auto vars:     Size  Location     Type
		None
 Return value:  Size  Location     Type
                  1    wreg      void 
 Registers used:
		wreg, fsr2l, fsr2h, status,2, status,0, cstack
 Tracked objects:
		On entry : 
		On exit  : 
		Unchanged: 
 Data sizes:     COMRAM   BANK0   BANK1   BANK2   BANK3   BANK4   BANK5   BANK6   BANK7   BANK8   BANK9  BANK10  BANK11  BANK12  BANK13  BANK14
      Params:         0       0       0       0       0       0       0       0       0       0       0       0       0       0       0       0
      Locals:         0       0       0       0       0       0       0       0       0       0       0       0       0       0       0       0
      Temps:          0       0       0       0       0       0       0       0       0       0       0       0       0       0       0       0
      Totals:         0       0       0       0       0       0       0       0       0       0       0       0       0       0       0       0
Total ram usage:        0 bytes
 Hardware stack levels used:    1
 Hardware stack levels required when called:    1
 This function calls:
		_app_DMX_ISR
 This function is called by:
		_INTERRUPT_InterruptManagerHigh
 This function uses a non-reentrant model


 *************** function _app_DMX_ISR *****************
 Defined at:
		line 16 in file "app/app_DMX_TX.c"
 Parameters:    Size  Location     Type
		None
 Auto vars:     Size  Location     Type
		None
 Return value:  Size  Location     Type
                  1    wreg      void 
 Registers used:
		wreg, fsr2l, fsr2h, status,2, status,0
 Tracked objects:
		On entry : 
		On exit  : 
		Unchanged: 
 Data sizes:     COMRAM   BANK0   BANK1   BANK2   BANK3   BANK4   BANK5   BANK6   BANK7   BANK8   BANK9  BANK10  BANK11  BANK12  BANK13  BANK14
      Params:         0       0       0       0       0       0       0       0       0       0       0       0       0       0       0       0
      Locals:         0       0       0       0       0       0       0       0       0       0       0       0       0       0       0       0
      Temps:          0       0       0       0       0       0       0       0       0       0       0       0       0       0       0       0
      Totals:         0       0       0       0       0       0       0       0       0       0       0       0       0       0       0       0
Total ram usage:        0 bytes
 Hardware stack levels used:    1
 This function calls:
		Nothing
 This function is called by:
		_EUSART1_Transmit_ISR
 This function uses a non-reentrant model



MODULE INFORMATION

Module		Function		Class		Link	Load	Size
C:\Program Files (x86)\Microchip\xc8\v1.38\sources\common\awmod.c
		___awmod       		CODE           	175A	0000	113

C:\Program Files (x86)\Microchip\xc8\v1.38\sources\common\awmod.c estimated size: 113

app/app_command_processor.c
		_app_conver_ascii2int		CODE           	12E4	0000	223
		_app_main_dxm_command_fct		CODE           	182E	0000	83
		_app_Evaluate_Command		CODE           	17CA	0000	101
		_app_CDM_DMX_Value_CHK_CON		CODE           	1662	0000	133

app/app_command_processor.c estimated size: 540

mcc_generated_files/eusart2.c
		_EUSART2_Read  		CODE           	1AA0	0000	57
		_EUSART2_Receive_ISR		CODE           	1B42	0000	51
		_EUSART2_Initialize		CODE           	1962	0000	71

mcc_generated_files/eusart2.c estimated size: 179

mcc_generated_files/tmr4.c
		_TMR4_Initialize		CODE           	1C54	0000	33
		_TMR4_Start    		CODE           	1D64	0000	5

mcc_generated_files/tmr4.c estimated size: 38

C:\Program Files (x86)\Microchip\xc8\v1.38\sources\common\Umul16.c
		___wmul        		CODE           	1B9C	0000	39

C:\Program Files (x86)\Microchip\xc8\v1.38\sources\common\Umul16.c estimated size: 39

mcc_generated_files/tmr2.c
		_TMR2_ISR      		CODE           	1D3C	0000	11
		_TMR2_Initialize		CODE           	1B10	0000	51
		_TMR2_Start    		CODE           	1D68	0000	5
		_TMR2_SetInterruptHandler		CODE           	1D28	0000	11
		_TMR2_DefaultInterruptHandler		CODE           	1D52	0000	7
		_TMR2_CallBack 		CODE           	1C0C	0000	37

mcc_generated_files/tmr2.c estimated size: 122

mcc_generated_files/interrupt_manager.c
		_INTERRUPT_Initialize		CODE           	1CD6	0000	21
		_INTERRUPT_InterruptManagerHigh		CODE           	0008	0000	175

mcc_generated_files/interrupt_manager.c estimated size: 196

mcc_generated_files/pin_manager.c
		_PIN_MANAGER_Initialize		CODE           	13C2	0000	217

mcc_generated_files/pin_manager.c estimated size: 217

periodic_task_exec.c
		_periodic_task_tk		CODE           	1D46	0000	7
		_periodic_task_2tk		CODE           	1D1E	0000	11
		_periodic_task_4tk		CODE           	1D7C	0000	3
		_periodic_task_8tk		CODE           	1D7A	0000	3
		_periodic_task_32tk		CODE           	1D76	0000	3
		_TASK_DUMMY    		CODE           	1D78	0000	3
		_periodic_task_1024tk		CODE           	1D74	0000	3

periodic_task_exec.c estimated size: 33

OS_SEBELL/OS_SEBELL_sched_util.c
		_sched_util_task_finder		CODE           	19A8	0000	67

OS_SEBELL/OS_SEBELL_sched_util.c estimated size: 67

app/app_HD44780.c
		_app_HD44780_Mngr		CODE           	10CC	0000	309
		_app_HD44780_Init		CODE           	1CC0	0000	23
		_app_HD44780_SenCmd		CODE           	154C	0000	147
		_app_HD44780_DisplayUpdate		CODE           	1BE8	0000	37
		_app_HD44780_PrepareCMD		CODE           	1C94	0000	23
		_app_HD44780_CallInitDelay		CODE           	1D0E	0000	17

app/app_HD44780.c estimated size: 556

C:\Program Files (x86)\Microchip\xc8\v1.38\sources\common\lwdiv.c
		___lwdiv       		CODE           	1880	0000	83

C:\Program Files (x86)\Microchip\xc8\v1.38\sources\common\lwdiv.c estimated size: 83

C:\Program Files (x86)\Microchip\xc8\v1.38\sources\common\aldiv.c
		___aldiv       		CODE           	1200	0000	229

C:\Program Files (x86)\Microchip\xc8\v1.38\sources\common\aldiv.c estimated size: 229

shared
		_rub_7segSymbols		SMALLCONST     	0F21	0000	17
		_tasks_list    		SMALLCONST     	0F01	0000	33
		__initialization		CODE           	16E6	0000	107

shared estimated size: 157

mcc_generated_files/eusart1.c
		_EUSART1_Initialize		CODE           	1AD8	0000	57
		_EUSART1_Transmit_ISR		CODE           	1D5E	0000	7

mcc_generated_files/eusart1.c estimated size: 64

mcc_generated_files/mcc.c
		_OSCILLATOR_Initialize		CODE           	1C74	0000	33
		_SYSTEM_Initialize		CODE           	1BC2	0000	39

mcc_generated_files/mcc.c estimated size: 72

mcc_generated_files/pwm3.c
		_PWM3_Initialize		CODE           	1CAA	0000	23

mcc_generated_files/pwm3.c estimated size: 23

mcc_generated_files/tmr1.c
		_TMR1_Initialize		CODE           	18D2	0000	73
		_TMR1_SetInterruptHandler		CODE           	1D32	0000	11
		_TMR1_DefaultInterruptHandler		CODE           	1D58	0000	7
		_TMR1_CallBack 		CODE           	1C30	0000	37
		_TMR1_StartTimer		CODE           	1D6C	0000	5
		_TMR1_ISR      		CODE           	1CFC	0000	19

mcc_generated_files/tmr1.c estimated size: 152

OS_SEBELL/OS_SEBELL_schedu.c
		_scheduler_loop		CODE           	15DE	0000	133

OS_SEBELL/OS_SEBELL_schedu.c estimated size: 133

app/app_convert.c
		_bin2bcd       		CODE           	0F32	0000	411
		_bcd2ascii     		CODE           	1A66	0000	59

app/app_convert.c estimated size: 470

app/app_init.c
		_InitApp       		CODE           	1D4C	0000	7

app/app_init.c estimated size: 7

main.c
		_main          		CODE           	1CEA	0000	19

main.c estimated size: 19

app/app_DMX_TX.c
		_app_DMX_TX_DisableTXPort		CODE           	1A28	0000	63
		_app_DMX_ISR   		CODE           	149A	0000	179
		_app_TMR1_DMX_TX_ISR		CODE           	191A	0000	73
		_app_DMX_TX_EnableTXPort		CODE           	19EA	0000	63

app/app_DMX_TX.c estimated size: 378

